// Jest Snapshot v1, https://goo.gl/fbAQLP

exports[`<Layout/> with children 1`] = `
<div>
  <div
    className="layout ant-layout"
  >
    <div
      className="ant-layout-header"
    >
      <div
        className="logo"
      />
      <ul
        aria-activedescendant=""
        className="ant-menu ant-menu-dark ant-menu-root ant-menu-horizontal"
        onKeyDown={[Function]}
        role="menu"
        style={
          Object {
            "lineHeight": "64px",
          }
        }
        tabIndex="0"
      >
        <li
          aria-disabled={undefined}
          aria-selected={true}
          className="ant-menu-item ant-menu-item-selected"
          onClick={[Function]}
          onMouseEnter={[Function]}
          onMouseLeave={[Function]}
          role="menuitem"
          style={Object {}}
          title={undefined}
        >
          nav 1
        </li>
        <li
          aria-disabled={undefined}
          aria-selected={false}
          className="ant-menu-item"
          onClick={[Function]}
          onMouseEnter={[Function]}
          onMouseLeave={[Function]}
          role="menuitem"
          style={Object {}}
          title={undefined}
        >
          nav 2
        </li>
        <li
          aria-disabled={undefined}
          aria-selected={false}
          className="ant-menu-item"
          onClick={[Function]}
          onMouseEnter={[Function]}
          onMouseLeave={[Function]}
          role="menuitem"
          style={Object {}}
          title={undefined}
        >
          nav 3
        </li>
      </ul>
    </div>
    <div
      className="ant-layout-content"
      style={
        Object {
          "padding": "0 50px",
        }
      }
    >
      <div>
        Hello lalal
      </div>
    </div>
  </div>
  <div
    className="ant-layout-footer"
    style={
      Object {
        "textAlign": "center",
      }
    }
  >
    Ant Design Â©2016 Created by Ant UED
  </div>
</div>
`;
